\BOOKMARK [1][-]{section.1}{Typography \046 Typesetting}{}% 1
\BOOKMARK [2][-]{subsection.1.1}{Implementation}{section.1}% 2
